// Jest Snapshot v1, https://goo.gl/fbAQLP

exports[`MyDocument renders MyDocument unchanged 1`] = `
<Html
  lang="sv"
>
  <Head />
  <body>
    <Main />
    <NextScript />
  </body>
</Html>
`;
