// Jest Snapshot v1, https://goo.gl/fbAQLP

exports[`Login renders Login unchanged 1`] = `
{
  "asFragment": [Function],
  "baseElement": <body>
    <div
      class="Toaster"
      id="react-toast"
    />
    <div>
      <div
        class="bg-gray-lighter min-h-screen"
      >
        <main>
          <div
            class="flex items-center justify-center min-h-screen"
          >
            <div
              class="max-w-5xl w-full flex flex-col bg-white p-20 shadow-lg text-left"
            >
              <div
                class="mb-14"
              >
                <h1
                  class="mb-10 text-xl"
                >
                  Mina sidor företag
                </h1>
                <p
                  class="my-0"
                >
                  I Mina sidor för företagare finns en översikt av de ärenden som ditt företag har kopplat till Sundsvalls kommun. För att kunna se företagets ärenden behöver du vara firmatecknare, styrelseledamot eller revisor.
                </p>
              </div>
              <button
                class="btn btn-md btn-solid"
                data-color="primary"
                data-cy="loginButton"
              >
                Logga in
              </button>
            </div>
          </div>
        </main>
      </div>
    </div>
  </body>,
  "container": <div>
    <div
      class="bg-gray-lighter min-h-screen"
    >
      <main>
        <div
          class="flex items-center justify-center min-h-screen"
        >
          <div
            class="max-w-5xl w-full flex flex-col bg-white p-20 shadow-lg text-left"
          >
            <div
              class="mb-14"
            >
              <h1
                class="mb-10 text-xl"
              >
                Mina sidor företag
              </h1>
              <p
                class="my-0"
              >
                I Mina sidor för företagare finns en översikt av de ärenden som ditt företag har kopplat till Sundsvalls kommun. För att kunna se företagets ärenden behöver du vara firmatecknare, styrelseledamot eller revisor.
              </p>
            </div>
            <button
              class="btn btn-md btn-solid"
              data-color="primary"
              data-cy="loginButton"
            >
              Logga in
            </button>
          </div>
        </div>
      </main>
    </div>
  </div>,
  "debug": [Function],
  "findAllByAltText": [Function],
  "findAllByDisplayValue": [Function],
  "findAllByLabelText": [Function],
  "findAllByPlaceholderText": [Function],
  "findAllByRole": [Function],
  "findAllByTestId": [Function],
  "findAllByText": [Function],
  "findAllByTitle": [Function],
  "findByAltText": [Function],
  "findByDisplayValue": [Function],
  "findByLabelText": [Function],
  "findByPlaceholderText": [Function],
  "findByRole": [Function],
  "findByTestId": [Function],
  "findByText": [Function],
  "findByTitle": [Function],
  "getAllByAltText": [Function],
  "getAllByDisplayValue": [Function],
  "getAllByLabelText": [Function],
  "getAllByPlaceholderText": [Function],
  "getAllByRole": [Function],
  "getAllByTestId": [Function],
  "getAllByText": [Function],
  "getAllByTitle": [Function],
  "getByAltText": [Function],
  "getByDisplayValue": [Function],
  "getByLabelText": [Function],
  "getByPlaceholderText": [Function],
  "getByRole": [Function],
  "getByTestId": [Function],
  "getByText": [Function],
  "getByTitle": [Function],
  "queryAllByAltText": [Function],
  "queryAllByDisplayValue": [Function],
  "queryAllByLabelText": [Function],
  "queryAllByPlaceholderText": [Function],
  "queryAllByRole": [Function],
  "queryAllByTestId": [Function],
  "queryAllByText": [Function],
  "queryAllByTitle": [Function],
  "queryByAltText": [Function],
  "queryByDisplayValue": [Function],
  "queryByLabelText": [Function],
  "queryByPlaceholderText": [Function],
  "queryByRole": [Function],
  "queryByTestId": [Function],
  "queryByText": [Function],
  "queryByTitle": [Function],
  "rerender": [Function],
  "unmount": [Function],
}
`;
